  Determining projects to restore...
  All projects are up-to-date for restore.
C:\Users\jaswa\Desktop\trials\Trilink\backend\Migrations\20251211142756_mohn.cs(8,26): warning CS8981: The type name 'mohn' only contains lower-cased ascii characters. Such names may become reserved for the language. [C:\Users\jaswa\Desktop\trials\Trilink\backend\Backend.csproj]
C:\Users\jaswa\Desktop\trials\Trilink\backend\Migrations\20251211142756_mohn.Designer.cs(16,19): warning CS8981: The type name 'mohn' only contains lower-cased ascii characters. Such names may become reserved for the language. [C:\Users\jaswa\Desktop\trials\Trilink\backend\Backend.csproj]
C:\Users\jaswa\Desktop\trials\Trilink\backend\Migrations\20251211143359_mohannn.cs(8,26): warning CS8981: The type name 'mohannn' only contains lower-cased ascii characters. Such names may become reserved for the language. [C:\Users\jaswa\Desktop\trials\Trilink\backend\Backend.csproj]
C:\Users\jaswa\Desktop\trials\Trilink\backend\Migrations\20251211143359_mohannn.Designer.cs(16,19): warning CS8981: The type name 'mohannn' only contains lower-cased ascii characters. Such names may become reserved for the language. [C:\Users\jaswa\Desktop\trials\Trilink\backend\Backend.csproj]
C:\Users\jaswa\Desktop\trials\Trilink\backend\Controllers\BuyerLogisticsJobController.cs(19,26): error CS0246: The type or namespace name 'IJobHistoryRepository' could not be found (are you missing a using directive or an assembly reference?) [C:\Users\jaswa\Desktop\trials\Trilink\backend\Backend.csproj]
C:\Users\jaswa\Desktop\trials\Trilink\backend\Migrations\20251211155348_product.cs(8,26): warning CS8981: The type name 'product' only contains lower-cased ascii characters. Such names may become reserved for the language. [C:\Users\jaswa\Desktop\trials\Trilink\backend\Backend.csproj]
C:\Users\jaswa\Desktop\trials\Trilink\backend\Migrations\20251211155348_product.Designer.cs(16,19): warning CS8981: The type name 'product' only contains lower-cased ascii characters. Such names may become reserved for the language. [C:\Users\jaswa\Desktop\trials\Trilink\backend\Backend.csproj]
C:\Users\jaswa\Desktop\trials\Trilink\backend\Migrations\20251211160519_delete.cs(8,26): warning CS8981: The type name 'delete' only contains lower-cased ascii characters. Such names may become reserved for the language. [C:\Users\jaswa\Desktop\trials\Trilink\backend\Backend.csproj]
C:\Users\jaswa\Desktop\trials\Trilink\backend\Migrations\20251211160519_delete.Designer.cs(16,19): warning CS8981: The type name 'delete' only contains lower-cased ascii characters. Such names may become reserved for the language. [C:\Users\jaswa\Desktop\trials\Trilink\backend\Backend.csproj]
C:\Users\jaswa\Desktop\trials\Trilink\backend\Controllers\BuyerLogisticsJobController.cs(21,86): error CS0246: The type or namespace name 'IJobHistoryRepository' could not be found (are you missing a using directive or an assembly reference?) [C:\Users\jaswa\Desktop\trials\Trilink\backend\Backend.csproj]
C:\Users\jaswa\Desktop\trials\Trilink\backend\Migrations\20251212062254_first migration.cs(8,26): warning CS8981: The type name 'firstmigration' only contains lower-cased ascii characters. Such names may become reserved for the language. [C:\Users\jaswa\Desktop\trials\Trilink\backend\Backend.csproj]
C:\Users\jaswa\Desktop\trials\Trilink\backend\Migrations\20251212062254_first migration.Designer.cs(16,19): warning CS8981: The type name 'firstmigration' only contains lower-cased ascii characters. Such names may become reserved for the language. [C:\Users\jaswa\Desktop\trials\Trilink\backend\Backend.csproj]
C:\Users\jaswa\Desktop\trials\Trilink\backend\Migrations\20251213123723_logistics.cs(9,26): warning CS8981: The type name 'logistics' only contains lower-cased ascii characters. Such names may become reserved for the language. [C:\Users\jaswa\Desktop\trials\Trilink\backend\Backend.csproj]
C:\Users\jaswa\Desktop\trials\Trilink\backend\Migrations\20251213123723_logistics.Designer.cs(16,19): warning CS8981: The type name 'logistics' only contains lower-cased ascii characters. Such names may become reserved for the language. [C:\Users\jaswa\Desktop\trials\Trilink\backend\Backend.csproj]
C:\Users\jaswa\Desktop\trials\Trilink\backend\Migrations\20251213132911_campanyname added.cs(8,26): warning CS8981: The type name 'campanynameadded' only contains lower-cased ascii characters. Such names may become reserved for the language. [C:\Users\jaswa\Desktop\trials\Trilink\backend\Backend.csproj]
C:\Users\jaswa\Desktop\trials\Trilink\backend\Migrations\20251213132911_campanyname added.Designer.cs(16,19): warning CS8981: The type name 'campanynameadded' only contains lower-cased ascii characters. Such names may become reserved for the language. [C:\Users\jaswa\Desktop\trials\Trilink\backend\Backend.csproj]
C:\Users\jaswa\Desktop\trials\Trilink\backend\Migrations\20251213144855_quotes.cs(9,26): warning CS8981: The type name 'quotes' only contains lower-cased ascii characters. Such names may become reserved for the language. [C:\Users\jaswa\Desktop\trials\Trilink\backend\Backend.csproj]
C:\Users\jaswa\Desktop\trials\Trilink\backend\Migrations\20251213144855_quotes.Designer.cs(16,19): warning CS8981: The type name 'quotes' only contains lower-cased ascii characters. Such names may become reserved for the language. [C:\Users\jaswa\Desktop\trials\Trilink\backend\Backend.csproj]
C:\Users\jaswa\Desktop\trials\Trilink\backend\Migrations\20251214134054_latest.cs(8,26): warning CS8981: The type name 'latest' only contains lower-cased ascii characters. Such names may become reserved for the language. [C:\Users\jaswa\Desktop\trials\Trilink\backend\Backend.csproj]
C:\Users\jaswa\Desktop\trials\Trilink\backend\Migrations\20251214134054_latest.Designer.cs(16,19): warning CS8981: The type name 'latest' only contains lower-cased ascii characters. Such names may become reserved for the language. [C:\Users\jaswa\Desktop\trials\Trilink\backend\Backend.csproj]

Build FAILED.

C:\Users\jaswa\Desktop\trials\Trilink\backend\Migrations\20251211142756_mohn.cs(8,26): warning CS8981: The type name 'mohn' only contains lower-cased ascii characters. Such names may become reserved for the language. [C:\Users\jaswa\Desktop\trials\Trilink\backend\Backend.csproj]
C:\Users\jaswa\Desktop\trials\Trilink\backend\Migrations\20251211142756_mohn.Designer.cs(16,19): warning CS8981: The type name 'mohn' only contains lower-cased ascii characters. Such names may become reserved for the language. [C:\Users\jaswa\Desktop\trials\Trilink\backend\Backend.csproj]
C:\Users\jaswa\Desktop\trials\Trilink\backend\Migrations\20251211143359_mohannn.cs(8,26): warning CS8981: The type name 'mohannn' only contains lower-cased ascii characters. Such names may become reserved for the language. [C:\Users\jaswa\Desktop\trials\Trilink\backend\Backend.csproj]
C:\Users\jaswa\Desktop\trials\Trilink\backend\Migrations\20251211143359_mohannn.Designer.cs(16,19): warning CS8981: The type name 'mohannn' only contains lower-cased ascii characters. Such names may become reserved for the language. [C:\Users\jaswa\Desktop\trials\Trilink\backend\Backend.csproj]
C:\Users\jaswa\Desktop\trials\Trilink\backend\Migrations\20251211155348_product.cs(8,26): warning CS8981: The type name 'product' only contains lower-cased ascii characters. Such names may become reserved for the language. [C:\Users\jaswa\Desktop\trials\Trilink\backend\Backend.csproj]
C:\Users\jaswa\Desktop\trials\Trilink\backend\Migrations\20251211155348_product.Designer.cs(16,19): warning CS8981: The type name 'product' only contains lower-cased ascii characters. Such names may become reserved for the language. [C:\Users\jaswa\Desktop\trials\Trilink\backend\Backend.csproj]
C:\Users\jaswa\Desktop\trials\Trilink\backend\Migrations\20251211160519_delete.cs(8,26): warning CS8981: The type name 'delete' only contains lower-cased ascii characters. Such names may become reserved for the language. [C:\Users\jaswa\Desktop\trials\Trilink\backend\Backend.csproj]
C:\Users\jaswa\Desktop\trials\Trilink\backend\Migrations\20251211160519_delete.Designer.cs(16,19): warning CS8981: The type name 'delete' only contains lower-cased ascii characters. Such names may become reserved for the language. [C:\Users\jaswa\Desktop\trials\Trilink\backend\Backend.csproj]
C:\Users\jaswa\Desktop\trials\Trilink\backend\Migrations\20251212062254_first migration.cs(8,26): warning CS8981: The type name 'firstmigration' only contains lower-cased ascii characters. Such names may become reserved for the language. [C:\Users\jaswa\Desktop\trials\Trilink\backend\Backend.csproj]
C:\Users\jaswa\Desktop\trials\Trilink\backend\Migrations\20251212062254_first migration.Designer.cs(16,19): warning CS8981: The type name 'firstmigration' only contains lower-cased ascii characters. Such names may become reserved for the language. [C:\Users\jaswa\Desktop\trials\Trilink\backend\Backend.csproj]
C:\Users\jaswa\Desktop\trials\Trilink\backend\Migrations\20251213123723_logistics.cs(9,26): warning CS8981: The type name 'logistics' only contains lower-cased ascii characters. Such names may become reserved for the language. [C:\Users\jaswa\Desktop\trials\Trilink\backend\Backend.csproj]
C:\Users\jaswa\Desktop\trials\Trilink\backend\Migrations\20251213123723_logistics.Designer.cs(16,19): warning CS8981: The type name 'logistics' only contains lower-cased ascii characters. Such names may become reserved for the language. [C:\Users\jaswa\Desktop\trials\Trilink\backend\Backend.csproj]
C:\Users\jaswa\Desktop\trials\Trilink\backend\Migrations\20251213132911_campanyname added.cs(8,26): warning CS8981: The type name 'campanynameadded' only contains lower-cased ascii characters. Such names may become reserved for the language. [C:\Users\jaswa\Desktop\trials\Trilink\backend\Backend.csproj]
C:\Users\jaswa\Desktop\trials\Trilink\backend\Migrations\20251213132911_campanyname added.Designer.cs(16,19): warning CS8981: The type name 'campanynameadded' only contains lower-cased ascii characters. Such names may become reserved for the language. [C:\Users\jaswa\Desktop\trials\Trilink\backend\Backend.csproj]
C:\Users\jaswa\Desktop\trials\Trilink\backend\Migrations\20251213144855_quotes.cs(9,26): warning CS8981: The type name 'quotes' only contains lower-cased ascii characters. Such names may become reserved for the language. [C:\Users\jaswa\Desktop\trials\Trilink\backend\Backend.csproj]
C:\Users\jaswa\Desktop\trials\Trilink\backend\Migrations\20251213144855_quotes.Designer.cs(16,19): warning CS8981: The type name 'quotes' only contains lower-cased ascii characters. Such names may become reserved for the language. [C:\Users\jaswa\Desktop\trials\Trilink\backend\Backend.csproj]
C:\Users\jaswa\Desktop\trials\Trilink\backend\Migrations\20251214134054_latest.cs(8,26): warning CS8981: The type name 'latest' only contains lower-cased ascii characters. Such names may become reserved for the language. [C:\Users\jaswa\Desktop\trials\Trilink\backend\Backend.csproj]
C:\Users\jaswa\Desktop\trials\Trilink\backend\Migrations\20251214134054_latest.Designer.cs(16,19): warning CS8981: The type name 'latest' only contains lower-cased ascii characters. Such names may become reserved for the language. [C:\Users\jaswa\Desktop\trials\Trilink\backend\Backend.csproj]
C:\Users\jaswa\Desktop\trials\Trilink\backend\Controllers\BuyerLogisticsJobController.cs(19,26): error CS0246: The type or namespace name 'IJobHistoryRepository' could not be found (are you missing a using directive or an assembly reference?) [C:\Users\jaswa\Desktop\trials\Trilink\backend\Backend.csproj]
C:\Users\jaswa\Desktop\trials\Trilink\backend\Controllers\BuyerLogisticsJobController.cs(21,86): error CS0246: The type or namespace name 'IJobHistoryRepository' could not be found (are you missing a using directive or an assembly reference?) [C:\Users\jaswa\Desktop\trials\Trilink\backend\Backend.csproj]
    18 Warning(s)
    2 Error(s)

Time Elapsed 00:00:01.44
